// Jest Snapshot v1, https://goo.gl/fbAQLP

exports[`<Button> renders 1`] = `
<View>
  <View
    accessible={true}
    onResponderGrant={[Function]}
    onResponderMove={[Function]}
    onResponderRelease={[Function]}
    onResponderTerminate={[Function]}
    onResponderTerminationRequest={[Function]}
    onStartShouldSetResponder={[Function]}
    pointerEvents="none"
    style={
      Array [
        undefined,
        Array [
          Object {
            "borderRadius": 3,
          },
          false,
          false,
        ],
      ]
    }
  >
    <View
      style={
        Array [
          Object {
            "alignContent": "center",
            "alignItems": "center",
            "borderRadius": 3,
            "justifyContent": "center",
          },
          Object {
            "height": 44,
            "minWidth": 44,
            "paddingHorizontal": 28,
          },
          Object {
            "alignItems": "center",
            "display": "flex",
            "flexDirection": "row",
          },
          false,
          false,
          false,
          Object {
            "paddingHorizontal": 0,
          },
          Object {
            "backgroundColor": "#707070",
          },
          false,
          false,
          false,
          false,
        ]
      }
    >
      <View
        style={
          Array [
            Object {
              "alignItems": "center",
              "display": "flex",
              "flexDirection": "row",
            },
            undefined,
          ]
        }
      />
    </View>
    <View
      style={
        Array [
          Object {
            "backgroundColor": "transparent",
            "borderRadius": 3,
            "bottom": 0,
            "left": 0,
            "overflow": "hidden",
            "position": "absolute",
            "right": 0,
            "top": 0,
          },
          undefined,
        ]
      }
    >
      <View
        style={
          Object {
            "backgroundColor": "#ffffff",
            "height": 0,
            "opacity": 0,
            "width": 0,
            "zIndex": 0,
          }
        }
      />
    </View>
  </View>
</View>
`;

exports[`<Button> when {activity} 1`] = `
<View>
  <View
    accessible={true}
    onResponderGrant={[Function]}
    onResponderMove={[Function]}
    onResponderRelease={[Function]}
    onResponderTerminate={[Function]}
    onResponderTerminationRequest={[Function]}
    onStartShouldSetResponder={[Function]}
    pointerEvents="none"
    style={
      Array [
        undefined,
        Array [
          Object {
            "borderRadius": 3,
          },
          false,
          false,
        ],
      ]
    }
  >
    <View
      style={
        Array [
          Object {
            "alignContent": "center",
            "alignItems": "center",
            "borderRadius": 3,
            "justifyContent": "center",
          },
          Object {
            "height": 44,
            "minWidth": 44,
            "paddingHorizontal": 28,
          },
          Object {
            "alignItems": "center",
            "display": "flex",
            "flexDirection": "row",
          },
          false,
          false,
          false,
          false,
          Object {
            "backgroundColor": "#707070",
          },
          false,
          false,
          false,
          false,
        ]
      }
    >
      <View
        style={
          Array [
            Object {
              "alignItems": "center",
              "display": "flex",
              "flexDirection": "row",
            },
            undefined,
          ]
        }
      >
        <Text
          accessible={true}
          allowFontScaling={true}
          ellipsizeMode="tail"
          style={
            Array [
              Object {
                "color": "#4a4a4a",
                "fontFamily": undefined,
                "fontWeight": "400",
                "textAlignVertical": "center",
              },
              Object {
                "fontSize": 16,
                "lineHeight": 30,
              },
              false,
              Object {
                "color": "#ffffff",
                "fontFamily": undefined,
                "fontSize": 16,
                "fontWeight": "600",
                "letterSpacing": -0.2,
              },
            ]
          }
        >
          Press me
        </Text>
      </View>
      <View
        style={
          Array [
            Object {
              "alignItems": "center",
              "display": "flex",
              "flexDirection": "row",
            },
            Object {
              "marginLeft": 4,
              "marginTop": 4,
            },
          ]
        }
      >
        <View
          style={
            Object {
              "backgroundColor": "#ffffff",
              "borderRadius": 3,
              "height": 6,
              "marginHorizontal": 3,
              "opacity": 0,
              "width": 6,
            }
          }
        />
        <View
          style={
            Object {
              "backgroundColor": "#ffffff",
              "borderRadius": 3,
              "height": 6,
              "marginHorizontal": 3,
              "opacity": 0,
              "width": 6,
            }
          }
        />
        <View
          style={
            Object {
              "backgroundColor": "#ffffff",
              "borderRadius": 3,
              "height": 6,
              "marginHorizontal": 3,
              "opacity": 0,
              "width": 6,
            }
          }
        />
      </View>
    </View>
    <View
      style={
        Array [
          Object {
            "backgroundColor": "transparent",
            "borderRadius": 3,
            "bottom": 0,
            "left": 0,
            "overflow": "hidden",
            "position": "absolute",
            "right": 0,
            "top": 0,
          },
          undefined,
        ]
      }
    >
      <View
        style={
          Object {
            "backgroundColor": "#ffffff",
            "height": 0,
            "opacity": 0,
            "width": 0,
            "zIndex": 0,
          }
        }
      />
    </View>
  </View>
</View>
`;

exports[`<Button> when {children} 1`] = `
<View>
  <View
    accessible={true}
    onResponderGrant={[Function]}
    onResponderMove={[Function]}
    onResponderRelease={[Function]}
    onResponderTerminate={[Function]}
    onResponderTerminationRequest={[Function]}
    onStartShouldSetResponder={[Function]}
    pointerEvents="none"
    style={
      Array [
        undefined,
        Array [
          Object {
            "borderRadius": 3,
          },
          false,
          false,
        ],
      ]
    }
  >
    <View
      style={
        Array [
          Object {
            "alignContent": "center",
            "alignItems": "center",
            "borderRadius": 3,
            "justifyContent": "center",
          },
          Object {
            "height": 44,
            "minWidth": 44,
            "paddingHorizontal": 28,
          },
          Object {
            "alignItems": "center",
            "display": "flex",
            "flexDirection": "row",
          },
          false,
          false,
          false,
          false,
          Object {
            "backgroundColor": "#707070",
          },
          false,
          false,
          false,
          false,
        ]
      }
    >
      <View
        style={
          Array [
            Object {
              "alignItems": "center",
              "display": "flex",
              "flexDirection": "row",
            },
            undefined,
          ]
        }
      >
        <View
          style={
            Object {
              "alignItems": "center",
              "display": "flex",
              "flexDirection": "row",
            }
          }
        >
          <Text
            accessible={true}
            allowFontScaling={true}
            ellipsizeMode="tail"
            style={
              Array [
                Object {
                  "color": "#4a4a4a",
                  "fontFamily": undefined,
                  "fontWeight": "400",
                  "textAlignVertical": "center",
                },
                Object {
                  "fontFamily": undefined,
                  "fontSize": 20,
                  "fontWeight": "700",
                  "letterSpacing": -0.83,
                  "lineHeight": 22,
                },
                false,
                Object {
                  "color": "white",
                  "marginLeft": 4,
                },
              ]
            }
          >
            $
          </Text>
          <Text
            accessible={true}
            allowFontScaling={true}
            ellipsizeMode="tail"
            style={
              Array [
                Object {
                  "color": "#4a4a4a",
                  "fontFamily": undefined,
                  "fontWeight": "400",
                  "textAlignVertical": "center",
                },
                Object {
                  "fontFamily": undefined,
                  "fontSize": 20,
                  "fontWeight": "700",
                  "letterSpacing": -0.83,
                  "lineHeight": 22,
                },
                false,
                Object {
                  "color": "white",
                },
              ]
            }
          >
            19,95
          </Text>
        </View>
      </View>
    </View>
    <View
      style={
        Array [
          Object {
            "backgroundColor": "transparent",
            "borderRadius": 3,
            "bottom": 0,
            "left": 0,
            "overflow": "hidden",
            "position": "absolute",
            "right": 0,
            "top": 0,
          },
          undefined,
        ]
      }
    >
      <View
        style={
          Object {
            "backgroundColor": "#ffffff",
            "height": 0,
            "opacity": 0,
            "width": 0,
            "zIndex": 0,
          }
        }
      />
    </View>
  </View>
</View>
`;

exports[`<Button> when {color} (COLOR.WHITE) 1`] = `
<View>
  <View
    accessible={true}
    onResponderGrant={[Function]}
    onResponderMove={[Function]}
    onResponderRelease={[Function]}
    onResponderTerminate={[Function]}
    onResponderTerminationRequest={[Function]}
    onStartShouldSetResponder={[Function]}
    pointerEvents="none"
    style={
      Array [
        undefined,
        Array [
          Object {
            "borderRadius": 3,
          },
          false,
          false,
        ],
      ]
    }
  >
    <View
      style={
        Array [
          Object {
            "alignContent": "center",
            "alignItems": "center",
            "borderRadius": 3,
            "justifyContent": "center",
          },
          Object {
            "height": 44,
            "minWidth": 44,
            "paddingHorizontal": 28,
          },
          Object {
            "alignItems": "center",
            "display": "flex",
            "flexDirection": "row",
          },
          false,
          false,
          false,
          false,
          Object {
            "backgroundColor": "#ffffff",
          },
          false,
          false,
          false,
          false,
        ]
      }
    >
      <View
        style={
          Array [
            Object {
              "alignItems": "center",
              "display": "flex",
              "flexDirection": "row",
            },
            undefined,
          ]
        }
      >
        <Text
          accessible={true}
          allowFontScaling={true}
          ellipsizeMode="tail"
          style={
            Array [
              Object {
                "color": "#4a4a4a",
                "fontFamily": undefined,
                "fontWeight": "400",
                "textAlignVertical": "center",
              },
              Object {
                "fontSize": 16,
                "lineHeight": 30,
              },
              false,
              Object {
                "color": "#707070",
                "fontFamily": undefined,
                "fontSize": 16,
                "fontWeight": "600",
                "letterSpacing": -0.2,
              },
            ]
          }
        >
          Press me
        </Text>
      </View>
    </View>
    <View
      style={
        Array [
          Object {
            "backgroundColor": "transparent",
            "borderRadius": 3,
            "bottom": 0,
            "left": 0,
            "overflow": "hidden",
            "position": "absolute",
            "right": 0,
            "top": 0,
          },
          undefined,
        ]
      }
    >
      <View
        style={
          Object {
            "backgroundColor": "#cdd2d4",
            "height": 0,
            "opacity": 0,
            "width": 0,
            "zIndex": 0,
          }
        }
      />
    </View>
  </View>
</View>
`;

exports[`<Button> when {color} 1`] = `
<View>
  <View
    accessible={true}
    onResponderGrant={[Function]}
    onResponderMove={[Function]}
    onResponderRelease={[Function]}
    onResponderTerminate={[Function]}
    onResponderTerminationRequest={[Function]}
    onStartShouldSetResponder={[Function]}
    pointerEvents="none"
    style={
      Array [
        undefined,
        Array [
          Object {
            "borderRadius": 3,
          },
          false,
          false,
        ],
      ]
    }
  >
    <View
      style={
        Array [
          Object {
            "alignContent": "center",
            "alignItems": "center",
            "borderRadius": 3,
            "justifyContent": "center",
          },
          Object {
            "height": 44,
            "minWidth": 44,
            "paddingHorizontal": 28,
          },
          Object {
            "alignItems": "center",
            "display": "flex",
            "flexDirection": "row",
          },
          false,
          false,
          false,
          false,
          Object {
            "backgroundColor": "red",
          },
          false,
          false,
          false,
          false,
        ]
      }
    >
      <View
        style={
          Array [
            Object {
              "alignItems": "center",
              "display": "flex",
              "flexDirection": "row",
            },
            undefined,
          ]
        }
      >
        <Text
          accessible={true}
          allowFontScaling={true}
          ellipsizeMode="tail"
          style={
            Array [
              Object {
                "color": "#4a4a4a",
                "fontFamily": undefined,
                "fontWeight": "400",
                "textAlignVertical": "center",
              },
              Object {
                "fontSize": 16,
                "lineHeight": 30,
              },
              false,
              Object {
                "color": "#ffffff",
                "fontFamily": undefined,
                "fontSize": 16,
                "fontWeight": "600",
                "letterSpacing": -0.2,
              },
            ]
          }
        >
          Press me
        </Text>
      </View>
    </View>
    <View
      style={
        Array [
          Object {
            "backgroundColor": "transparent",
            "borderRadius": 3,
            "bottom": 0,
            "left": 0,
            "overflow": "hidden",
            "position": "absolute",
            "right": 0,
            "top": 0,
          },
          undefined,
        ]
      }
    >
      <View
        style={
          Object {
            "backgroundColor": "#ffffff",
            "height": 0,
            "opacity": 0,
            "width": 0,
            "zIndex": 0,
          }
        }
      />
    </View>
  </View>
</View>
`;

exports[`<Button> when {contained=false} 1`] = `
<View>
  <View
    accessible={true}
    onResponderGrant={[Function]}
    onResponderMove={[Function]}
    onResponderRelease={[Function]}
    onResponderTerminate={[Function]}
    onResponderTerminationRequest={[Function]}
    onStartShouldSetResponder={[Function]}
    pointerEvents="none"
    style={
      Array [
        undefined,
        Array [
          Object {
            "borderRadius": 3,
          },
          false,
          false,
        ],
      ]
    }
  >
    <View
      style={
        Array [
          Object {
            "alignContent": "center",
            "alignItems": "center",
            "borderRadius": 3,
            "justifyContent": "center",
          },
          Object {
            "height": 44,
            "minWidth": 44,
            "paddingHorizontal": 28,
          },
          Object {
            "alignItems": "center",
            "display": "flex",
            "flexDirection": "row",
          },
          false,
          false,
          false,
          false,
          false,
          false,
          false,
          false,
          false,
        ]
      }
    >
      <View
        style={
          Array [
            Object {
              "alignItems": "center",
              "display": "flex",
              "flexDirection": "row",
            },
            undefined,
          ]
        }
      >
        <Text
          accessible={true}
          allowFontScaling={true}
          ellipsizeMode="tail"
          style={
            Array [
              Object {
                "color": "#4a4a4a",
                "fontFamily": undefined,
                "fontWeight": "400",
                "textAlignVertical": "center",
              },
              Object {
                "fontSize": 16,
                "lineHeight": 30,
              },
              false,
              Object {
                "fontFamily": undefined,
                "fontSize": 16,
                "fontWeight": "600",
                "letterSpacing": -0.2,
              },
            ]
          }
        >
          Press me
        </Text>
      </View>
    </View>
    <View
      style={
        Array [
          Object {
            "backgroundColor": "transparent",
            "borderRadius": 3,
            "bottom": 0,
            "left": 0,
            "overflow": "hidden",
            "position": "absolute",
            "right": 0,
            "top": 0,
          },
          undefined,
        ]
      }
    >
      <View
        style={
          Object {
            "backgroundColor": "#ffffff",
            "height": 0,
            "opacity": 0,
            "width": 0,
            "zIndex": 0,
          }
        }
      />
    </View>
  </View>
</View>
`;

exports[`<Button> when {disabled} 1`] = `
<View>
  <View
    accessible={true}
    onResponderGrant={[Function]}
    onResponderMove={[Function]}
    onResponderRelease={[Function]}
    onResponderTerminate={[Function]}
    onResponderTerminationRequest={[Function]}
    onStartShouldSetResponder={[Function]}
    pointerEvents="none"
    style={
      Array [
        undefined,
        Array [
          Object {
            "borderRadius": 3,
          },
          false,
          false,
        ],
      ]
    }
  >
    <View
      style={
        Array [
          Object {
            "alignContent": "center",
            "alignItems": "center",
            "borderRadius": 3,
            "justifyContent": "center",
          },
          Object {
            "height": 44,
            "minWidth": 44,
            "paddingHorizontal": 28,
          },
          Object {
            "alignItems": "center",
            "display": "flex",
            "flexDirection": "row",
          },
          false,
          false,
          false,
          false,
          Object {
            "backgroundColor": "#707070",
          },
          Object {
            "backgroundColor": "#cdd2d4",
          },
          false,
          false,
          false,
        ]
      }
    >
      <View
        style={
          Array [
            Object {
              "alignItems": "center",
              "display": "flex",
              "flexDirection": "row",
            },
            undefined,
          ]
        }
      >
        <Text
          accessible={true}
          allowFontScaling={true}
          ellipsizeMode="tail"
          style={
            Array [
              Object {
                "color": "#4a4a4a",
                "fontFamily": undefined,
                "fontWeight": "400",
                "textAlignVertical": "center",
              },
              Object {
                "fontSize": 16,
                "lineHeight": 30,
              },
              false,
              Object {
                "color": "#ffffff",
                "fontFamily": undefined,
                "fontSize": 16,
                "fontWeight": "600",
                "letterSpacing": -0.2,
              },
            ]
          }
        >
          Press me
        </Text>
      </View>
    </View>
    <View
      style={
        Array [
          Object {
            "backgroundColor": "transparent",
            "borderRadius": 3,
            "bottom": 0,
            "left": 0,
            "overflow": "hidden",
            "position": "absolute",
            "right": 0,
            "top": 0,
          },
          undefined,
        ]
      }
    >
      <View
        style={
          Object {
            "backgroundColor": "#ffffff",
            "height": 0,
            "opacity": 0,
            "width": 0,
            "zIndex": 0,
          }
        }
      />
    </View>
  </View>
</View>
`;

exports[`<Button> when {icon} & {title} 1`] = `
<View>
  <View
    accessible={true}
    onResponderGrant={[Function]}
    onResponderMove={[Function]}
    onResponderRelease={[Function]}
    onResponderTerminate={[Function]}
    onResponderTerminationRequest={[Function]}
    onStartShouldSetResponder={[Function]}
    pointerEvents="none"
    style={
      Array [
        undefined,
        Array [
          Object {
            "borderRadius": 3,
          },
          false,
          false,
        ],
      ]
    }
  >
    <View
      style={
        Array [
          Object {
            "alignContent": "center",
            "alignItems": "center",
            "borderRadius": 3,
            "justifyContent": "center",
          },
          Object {
            "height": 44,
            "minWidth": 44,
            "paddingHorizontal": 28,
          },
          Object {
            "alignItems": "center",
            "display": "flex",
            "flexDirection": "row",
          },
          false,
          false,
          false,
          false,
          Object {
            "backgroundColor": "#707070",
          },
          false,
          false,
          false,
          false,
        ]
      }
    >
      <Image
        resizeMode="contain"
        source={
          Object {
            "testUri": "../../../components/Icon/assets/close_contrast.png",
          }
        }
        style={
          Array [
            Object {
              "backgroundColor": "transparent",
              "height": 20,
              "width": 20,
            },
            undefined,
            undefined,
          ]
        }
      />
      <View
        style={
          Array [
            Object {
              "alignItems": "center",
              "display": "flex",
              "flexDirection": "row",
            },
            Object {
              "marginLeft": 4,
            },
          ]
        }
      >
        <Text
          accessible={true}
          allowFontScaling={true}
          ellipsizeMode="tail"
          style={
            Array [
              Object {
                "color": "#4a4a4a",
                "fontFamily": undefined,
                "fontWeight": "400",
                "textAlignVertical": "center",
              },
              Object {
                "fontSize": 16,
                "lineHeight": 30,
              },
              false,
              Object {
                "color": "#ffffff",
                "fontFamily": undefined,
                "fontSize": 16,
                "fontWeight": "600",
                "letterSpacing": -0.2,
              },
            ]
          }
        >
          Press me
        </Text>
      </View>
    </View>
    <View
      style={
        Array [
          Object {
            "backgroundColor": "transparent",
            "borderRadius": 3,
            "bottom": 0,
            "left": 0,
            "overflow": "hidden",
            "position": "absolute",
            "right": 0,
            "top": 0,
          },
          undefined,
        ]
      }
    >
      <View
        style={
          Object {
            "backgroundColor": "#ffffff",
            "height": 0,
            "opacity": 0,
            "width": 0,
            "zIndex": 0,
          }
        }
      />
    </View>
  </View>
</View>
`;

exports[`<Button> when {icon} 1`] = `
<View>
  <View
    accessible={true}
    onResponderGrant={[Function]}
    onResponderMove={[Function]}
    onResponderRelease={[Function]}
    onResponderTerminate={[Function]}
    onResponderTerminationRequest={[Function]}
    onStartShouldSetResponder={[Function]}
    pointerEvents="none"
    style={
      Array [
        undefined,
        Array [
          Object {
            "borderRadius": 3,
          },
          false,
          false,
        ],
      ]
    }
  >
    <View
      style={
        Array [
          Object {
            "alignContent": "center",
            "alignItems": "center",
            "borderRadius": 3,
            "justifyContent": "center",
          },
          Object {
            "height": 44,
            "minWidth": 44,
            "paddingHorizontal": 28,
          },
          Object {
            "alignItems": "center",
            "display": "flex",
            "flexDirection": "row",
          },
          false,
          false,
          false,
          Object {
            "paddingHorizontal": 0,
          },
          Object {
            "backgroundColor": "#707070",
          },
          false,
          false,
          false,
          false,
        ]
      }
    >
      <Image
        resizeMode="contain"
        source={
          Object {
            "testUri": "../../../components/Icon/assets/close_contrast.png",
          }
        }
        style={
          Array [
            Object {
              "backgroundColor": "transparent",
              "height": 20,
              "width": 20,
            },
            undefined,
            undefined,
          ]
        }
      />
      <View
        style={
          Array [
            Object {
              "alignItems": "center",
              "display": "flex",
              "flexDirection": "row",
            },
            undefined,
          ]
        }
      />
    </View>
    <View
      style={
        Array [
          Object {
            "backgroundColor": "transparent",
            "borderRadius": 3,
            "bottom": 0,
            "left": 0,
            "overflow": "hidden",
            "position": "absolute",
            "right": 0,
            "top": 0,
          },
          undefined,
        ]
      }
    >
      <View
        style={
          Object {
            "backgroundColor": "#ffffff",
            "height": 0,
            "opacity": 0,
            "width": 0,
            "zIndex": 0,
          }
        }
      />
    </View>
  </View>
</View>
`;

exports[`<Button> when {outlined} 1`] = `
<View>
  <View
    accessible={true}
    onResponderGrant={[Function]}
    onResponderMove={[Function]}
    onResponderRelease={[Function]}
    onResponderTerminate={[Function]}
    onResponderTerminationRequest={[Function]}
    onStartShouldSetResponder={[Function]}
    pointerEvents="none"
    style={
      Array [
        undefined,
        Array [
          Object {
            "borderRadius": 3,
          },
          false,
          false,
        ],
      ]
    }
  >
    <View
      style={
        Array [
          Object {
            "alignContent": "center",
            "alignItems": "center",
            "borderRadius": 3,
            "justifyContent": "center",
          },
          Object {
            "height": 44,
            "minWidth": 44,
            "paddingHorizontal": 28,
          },
          Object {
            "alignItems": "center",
            "display": "flex",
            "flexDirection": "row",
          },
          false,
          false,
          false,
          false,
          false,
          false,
          Object {
            "borderWidth": 1,
          },
          Object {
            "borderColor": "#707070",
          },
          false,
        ]
      }
    >
      <View
        style={
          Array [
            Object {
              "alignItems": "center",
              "display": "flex",
              "flexDirection": "row",
            },
            undefined,
          ]
        }
      >
        <Text
          accessible={true}
          allowFontScaling={true}
          ellipsizeMode="tail"
          style={
            Array [
              Object {
                "color": "#4a4a4a",
                "fontFamily": undefined,
                "fontWeight": "400",
                "textAlignVertical": "center",
              },
              Object {
                "fontSize": 16,
                "lineHeight": 30,
              },
              false,
              Object {
                "fontFamily": undefined,
                "fontSize": 16,
                "fontWeight": "600",
                "letterSpacing": -0.2,
              },
            ]
          }
        >
          Press me
        </Text>
      </View>
    </View>
    <View
      style={
        Array [
          Object {
            "backgroundColor": "transparent",
            "borderRadius": 3,
            "bottom": 0,
            "left": 0,
            "overflow": "hidden",
            "position": "absolute",
            "right": 0,
            "top": 0,
          },
          undefined,
        ]
      }
    >
      <View
        style={
          Object {
            "backgroundColor": "#ffffff",
            "height": 0,
            "opacity": 0,
            "width": 0,
            "zIndex": 0,
          }
        }
      />
    </View>
  </View>
</View>
`;

exports[`<Button> when {responsive} 1`] = `
<View>
  <View
    accessible={true}
    onResponderGrant={[Function]}
    onResponderMove={[Function]}
    onResponderRelease={[Function]}
    onResponderTerminate={[Function]}
    onResponderTerminationRequest={[Function]}
    onStartShouldSetResponder={[Function]}
    pointerEvents="none"
    style={
      Array [
        undefined,
        Array [
          Object {
            "borderRadius": 3,
          },
          false,
          false,
        ],
      ]
    }
  >
    <View
      style={
        Array [
          Object {
            "alignContent": "center",
            "alignItems": "center",
            "borderRadius": 3,
            "justifyContent": "center",
          },
          Object {
            "height": 44,
            "minWidth": 44,
            "paddingHorizontal": 28,
          },
          Object {
            "alignItems": "center",
            "display": "flex",
            "flexDirection": "row",
          },
          false,
          false,
          false,
          false,
          Object {
            "backgroundColor": "#707070",
          },
          false,
          false,
          false,
          false,
        ]
      }
    >
      <View
        style={
          Array [
            Object {
              "alignItems": "center",
              "display": "flex",
              "flexDirection": "row",
            },
            undefined,
          ]
        }
      >
        <Text
          accessible={true}
          allowFontScaling={true}
          ellipsizeMode="tail"
          style={
            Array [
              Object {
                "color": "#4a4a4a",
                "fontFamily": undefined,
                "fontWeight": "400",
                "textAlignVertical": "center",
              },
              Object {
                "fontSize": 16,
                "lineHeight": 30,
              },
              false,
              Object {
                "color": "#ffffff",
                "fontFamily": undefined,
                "fontSize": 14,
                "fontWeight": "600",
                "letterSpacing": -0.15,
              },
            ]
          }
        >
          Press me
        </Text>
      </View>
    </View>
    <View
      style={
        Array [
          Object {
            "backgroundColor": "transparent",
            "borderRadius": 3,
            "bottom": 0,
            "left": 0,
            "overflow": "hidden",
            "position": "absolute",
            "right": 0,
            "top": 0,
          },
          undefined,
        ]
      }
    >
      <View
        style={
          Object {
            "backgroundColor": "#ffffff",
            "height": 0,
            "opacity": 0,
            "width": 0,
            "zIndex": 0,
          }
        }
      />
    </View>
  </View>
</View>
`;

exports[`<Button> when {rounded} 1`] = `
<View>
  <View
    accessible={true}
    onResponderGrant={[Function]}
    onResponderMove={[Function]}
    onResponderRelease={[Function]}
    onResponderTerminate={[Function]}
    onResponderTerminationRequest={[Function]}
    onStartShouldSetResponder={[Function]}
    pointerEvents="none"
    style={
      Array [
        undefined,
        Array [
          Object {
            "borderRadius": 3,
          },
          Object {
            "borderRadius": 22,
          },
          false,
        ],
      ]
    }
  >
    <View
      style={
        Array [
          Object {
            "alignContent": "center",
            "alignItems": "center",
            "borderRadius": 3,
            "justifyContent": "center",
          },
          Object {
            "height": 44,
            "minWidth": 44,
            "paddingHorizontal": 28,
          },
          Object {
            "alignItems": "center",
            "display": "flex",
            "flexDirection": "row",
          },
          false,
          false,
          Object {
            "borderRadius": 22,
          },
          false,
          Object {
            "backgroundColor": "#707070",
          },
          false,
          false,
          false,
          false,
        ]
      }
    >
      <View
        style={
          Array [
            Object {
              "alignItems": "center",
              "display": "flex",
              "flexDirection": "row",
            },
            undefined,
          ]
        }
      >
        <Text
          accessible={true}
          allowFontScaling={true}
          ellipsizeMode="tail"
          style={
            Array [
              Object {
                "color": "#4a4a4a",
                "fontFamily": undefined,
                "fontWeight": "400",
                "textAlignVertical": "center",
              },
              Object {
                "fontSize": 16,
                "lineHeight": 30,
              },
              false,
              Object {
                "color": "#ffffff",
                "fontFamily": undefined,
                "fontSize": 16,
                "fontWeight": "600",
                "letterSpacing": -0.2,
              },
            ]
          }
        >
          Press me
        </Text>
      </View>
    </View>
    <View
      style={
        Array [
          Object {
            "backgroundColor": "transparent",
            "borderRadius": 3,
            "bottom": 0,
            "left": 0,
            "overflow": "hidden",
            "position": "absolute",
            "right": 0,
            "top": 0,
          },
          Object {
            "borderRadius": 22,
          },
        ]
      }
    >
      <View
        style={
          Object {
            "backgroundColor": "#ffffff",
            "height": 0,
            "opacity": 0,
            "width": 0,
            "zIndex": 0,
          }
        }
      />
    </View>
  </View>
</View>
`;

exports[`<Button> when {shadow} 1`] = `
<View>
  <View
    accessible={true}
    onResponderGrant={[Function]}
    onResponderMove={[Function]}
    onResponderRelease={[Function]}
    onResponderTerminate={[Function]}
    onResponderTerminationRequest={[Function]}
    onStartShouldSetResponder={[Function]}
    pointerEvents="none"
    style={
      Array [
        undefined,
        Array [
          Object {
            "borderRadius": 3,
          },
          false,
          Object {
            "shadowColor": "#000000",
            "shadowOffset": Object {
              "height": 1,
              "width": 0,
            },
            "shadowOpacity": 0.2,
            "shadowRadius": 2,
          },
        ],
      ]
    }
  >
    <View
      style={
        Array [
          Object {
            "alignContent": "center",
            "alignItems": "center",
            "borderRadius": 3,
            "justifyContent": "center",
          },
          Object {
            "height": 44,
            "minWidth": 44,
            "paddingHorizontal": 28,
          },
          Object {
            "alignItems": "center",
            "display": "flex",
            "flexDirection": "row",
          },
          false,
          false,
          false,
          false,
          Object {
            "backgroundColor": "#707070",
          },
          false,
          false,
          false,
          false,
        ]
      }
    >
      <View
        style={
          Array [
            Object {
              "alignItems": "center",
              "display": "flex",
              "flexDirection": "row",
            },
            undefined,
          ]
        }
      >
        <Text
          accessible={true}
          allowFontScaling={true}
          ellipsizeMode="tail"
          style={
            Array [
              Object {
                "color": "#4a4a4a",
                "fontFamily": undefined,
                "fontWeight": "400",
                "textAlignVertical": "center",
              },
              Object {
                "fontSize": 16,
                "lineHeight": 30,
              },
              false,
              Object {
                "color": "#ffffff",
                "fontFamily": undefined,
                "fontSize": 16,
                "fontWeight": "600",
                "letterSpacing": -0.2,
              },
            ]
          }
        >
          Press me
        </Text>
      </View>
    </View>
    <View
      style={
        Array [
          Object {
            "backgroundColor": "transparent",
            "borderRadius": 3,
            "bottom": 0,
            "left": 0,
            "overflow": "hidden",
            "position": "absolute",
            "right": 0,
            "top": 0,
          },
          undefined,
        ]
      }
    >
      <View
        style={
          Object {
            "backgroundColor": "#ffffff",
            "height": 0,
            "opacity": 0,
            "width": 0,
            "zIndex": 0,
          }
        }
      />
    </View>
  </View>
</View>
`;

exports[`<Button> when {small} 1`] = `
<View>
  <View
    accessible={true}
    onResponderGrant={[Function]}
    onResponderMove={[Function]}
    onResponderRelease={[Function]}
    onResponderTerminate={[Function]}
    onResponderTerminationRequest={[Function]}
    onStartShouldSetResponder={[Function]}
    pointerEvents="none"
    style={
      Array [
        undefined,
        Array [
          Object {
            "borderRadius": 3,
          },
          false,
          false,
        ],
      ]
    }
  >
    <View
      style={
        Array [
          Object {
            "alignContent": "center",
            "alignItems": "center",
            "borderRadius": 3,
            "justifyContent": "center",
          },
          Object {
            "height": 44,
            "minWidth": 44,
            "paddingHorizontal": 28,
          },
          Object {
            "alignItems": "center",
            "display": "flex",
            "flexDirection": "row",
          },
          Object {
            "height": 28,
            "minWidth": 28,
            "paddingHorizontal": 12,
          },
          false,
          false,
          false,
          Object {
            "backgroundColor": "#707070",
          },
          false,
          false,
          false,
          false,
        ]
      }
    >
      <View
        style={
          Array [
            Object {
              "alignItems": "center",
              "display": "flex",
              "flexDirection": "row",
            },
            undefined,
          ]
        }
      >
        <Text
          accessible={true}
          allowFontScaling={true}
          ellipsizeMode="tail"
          style={
            Array [
              Object {
                "color": "#4a4a4a",
                "fontFamily": undefined,
                "fontWeight": "400",
                "textAlignVertical": "center",
              },
              Object {
                "fontSize": 16,
                "lineHeight": 30,
              },
              false,
              Object {
                "color": "#ffffff",
                "fontFamily": undefined,
                "fontSize": 14,
                "fontWeight": "600",
                "letterSpacing": -0.15,
              },
            ]
          }
        >
          Press me
        </Text>
      </View>
    </View>
    <View
      style={
        Array [
          Object {
            "backgroundColor": "transparent",
            "borderRadius": 3,
            "bottom": 0,
            "left": 0,
            "overflow": "hidden",
            "position": "absolute",
            "right": 0,
            "top": 0,
          },
          undefined,
        ]
      }
    >
      <View
        style={
          Object {
            "backgroundColor": "#ffffff",
            "height": 0,
            "opacity": 0,
            "width": 0,
            "zIndex": 0,
          }
        }
      />
    </View>
  </View>
</View>
`;

exports[`<Button> when {style} 1`] = `
<View
  style={
    Object {
      "backgroundColor": "rgba(0,255,0,0.25)",
    }
  }
>
  <View
    accessible={true}
    onResponderGrant={[Function]}
    onResponderMove={[Function]}
    onResponderRelease={[Function]}
    onResponderTerminate={[Function]}
    onResponderTerminationRequest={[Function]}
    onStartShouldSetResponder={[Function]}
    pointerEvents="none"
    style={
      Array [
        undefined,
        Array [
          Object {
            "borderRadius": 3,
          },
          false,
          false,
        ],
      ]
    }
  >
    <View
      style={
        Array [
          Object {
            "alignContent": "center",
            "alignItems": "center",
            "borderRadius": 3,
            "justifyContent": "center",
          },
          Object {
            "height": 44,
            "minWidth": 44,
            "paddingHorizontal": 28,
          },
          Object {
            "alignItems": "center",
            "display": "flex",
            "flexDirection": "row",
          },
          false,
          false,
          false,
          false,
          Object {
            "backgroundColor": "#707070",
          },
          false,
          false,
          false,
          false,
        ]
      }
    >
      <View
        style={
          Array [
            Object {
              "alignItems": "center",
              "display": "flex",
              "flexDirection": "row",
            },
            undefined,
          ]
        }
      >
        <Text
          accessible={true}
          allowFontScaling={true}
          ellipsizeMode="tail"
          style={
            Array [
              Object {
                "color": "#4a4a4a",
                "fontFamily": undefined,
                "fontWeight": "400",
                "textAlignVertical": "center",
              },
              Object {
                "fontSize": 16,
                "lineHeight": 30,
              },
              false,
              Object {
                "color": "#ffffff",
                "fontFamily": undefined,
                "fontSize": 16,
                "fontWeight": "600",
                "letterSpacing": -0.2,
              },
            ]
          }
        >
          Press me
        </Text>
      </View>
    </View>
    <View
      style={
        Array [
          Object {
            "backgroundColor": "transparent",
            "borderRadius": 3,
            "bottom": 0,
            "left": 0,
            "overflow": "hidden",
            "position": "absolute",
            "right": 0,
            "top": 0,
          },
          undefined,
        ]
      }
    >
      <View
        style={
          Object {
            "backgroundColor": "#ffffff",
            "height": 0,
            "opacity": 0,
            "width": 0,
            "zIndex": 0,
          }
        }
      />
    </View>
  </View>
</View>
`;

exports[`<Button> when {title} 1`] = `
<View>
  <View
    accessible={true}
    onResponderGrant={[Function]}
    onResponderMove={[Function]}
    onResponderRelease={[Function]}
    onResponderTerminate={[Function]}
    onResponderTerminationRequest={[Function]}
    onStartShouldSetResponder={[Function]}
    pointerEvents="none"
    style={
      Array [
        undefined,
        Array [
          Object {
            "borderRadius": 3,
          },
          false,
          false,
        ],
      ]
    }
  >
    <View
      style={
        Array [
          Object {
            "alignContent": "center",
            "alignItems": "center",
            "borderRadius": 3,
            "justifyContent": "center",
          },
          Object {
            "height": 44,
            "minWidth": 44,
            "paddingHorizontal": 28,
          },
          Object {
            "alignItems": "center",
            "display": "flex",
            "flexDirection": "row",
          },
          false,
          false,
          false,
          false,
          Object {
            "backgroundColor": "#707070",
          },
          false,
          false,
          false,
          false,
        ]
      }
    >
      <View
        style={
          Array [
            Object {
              "alignItems": "center",
              "display": "flex",
              "flexDirection": "row",
            },
            undefined,
          ]
        }
      >
        <Text
          accessible={true}
          allowFontScaling={true}
          ellipsizeMode="tail"
          style={
            Array [
              Object {
                "color": "#4a4a4a",
                "fontFamily": undefined,
                "fontWeight": "400",
                "textAlignVertical": "center",
              },
              Object {
                "fontSize": 16,
                "lineHeight": 30,
              },
              false,
              Object {
                "color": "#ffffff",
                "fontFamily": undefined,
                "fontSize": 16,
                "fontWeight": "600",
                "letterSpacing": -0.2,
              },
            ]
          }
        >
          Press me
        </Text>
      </View>
    </View>
    <View
      style={
        Array [
          Object {
            "backgroundColor": "transparent",
            "borderRadius": 3,
            "bottom": 0,
            "left": 0,
            "overflow": "hidden",
            "position": "absolute",
            "right": 0,
            "top": 0,
          },
          undefined,
        ]
      }
    >
      <View
        style={
          Object {
            "backgroundColor": "#ffffff",
            "height": 0,
            "opacity": 0,
            "width": 0,
            "zIndex": 0,
          }
        }
      />
    </View>
  </View>
</View>
`;
