// Jest Snapshot v1, https://goo.gl/fbAQLP

exports[`<Loader> renders 1`] = `
<View
  style={
    Object {
      "flexDirection": "row",
    }
  }
>
  <Text
    accessible={true}
    allowFontScaling={true}
    ellipsizeMode="tail"
    style={
      Object {
        "opacity": 0,
        "transform": Array [
          Object {
            "translateY": -6.4,
          },
        ],
      }
    }
  >
    <Text
      accessible={true}
      allowFontScaling={true}
      ellipsizeMode="tail"
      style={
        Array [
          Object {
            "color": "#4a4a4a",
            "fontFamily": undefined,
            "fontWeight": "400",
            "textAlignVertical": "center",
          },
          Object {
            "fontSize": 16,
            "lineHeight": 30,
          },
          false,
          Object {},
        ]
      }
    >
       
    </Text>
    <Text
      accessible={true}
      allowFontScaling={true}
      ellipsizeMode="tail"
      style={
        Array [
          Object {
            "color": "#4a4a4a",
            "fontFamily": undefined,
            "fontWeight": "400",
            "textAlignVertical": "center",
          },
          Object {
            "fontSize": 16,
            "lineHeight": 30,
          },
          false,
          Object {
            "fontFamily": undefined,
            "fontSize": 32,
            "fontWeight": "600",
          },
        ]
      }
    >
      .
    </Text>
  </Text>
  <Text
    accessible={true}
    allowFontScaling={true}
    ellipsizeMode="tail"
    style={
      Object {
        "opacity": 0,
        "transform": Array [
          Object {
            "translateY": -6.4,
          },
        ],
      }
    }
  >
    <Text
      accessible={true}
      allowFontScaling={true}
      ellipsizeMode="tail"
      style={
        Array [
          Object {
            "color": "#4a4a4a",
            "fontFamily": undefined,
            "fontWeight": "400",
            "textAlignVertical": "center",
          },
          Object {
            "fontSize": 16,
            "lineHeight": 30,
          },
          false,
          Object {},
        ]
      }
    >
       
    </Text>
    <Text
      accessible={true}
      allowFontScaling={true}
      ellipsizeMode="tail"
      style={
        Array [
          Object {
            "color": "#4a4a4a",
            "fontFamily": undefined,
            "fontWeight": "400",
            "textAlignVertical": "center",
          },
          Object {
            "fontSize": 16,
            "lineHeight": 30,
          },
          false,
          Object {
            "fontFamily": undefined,
            "fontSize": 32,
            "fontWeight": "600",
          },
        ]
      }
    >
      .
    </Text>
  </Text>
  <Text
    accessible={true}
    allowFontScaling={true}
    ellipsizeMode="tail"
    style={
      Object {
        "opacity": 0,
        "transform": Array [
          Object {
            "translateY": -6.4,
          },
        ],
      }
    }
  >
    <Text
      accessible={true}
      allowFontScaling={true}
      ellipsizeMode="tail"
      style={
        Array [
          Object {
            "color": "#4a4a4a",
            "fontFamily": undefined,
            "fontWeight": "400",
            "textAlignVertical": "center",
          },
          Object {
            "fontSize": 16,
            "lineHeight": 30,
          },
          false,
          Object {},
        ]
      }
    >
       
    </Text>
    <Text
      accessible={true}
      allowFontScaling={true}
      ellipsizeMode="tail"
      style={
        Array [
          Object {
            "color": "#4a4a4a",
            "fontFamily": undefined,
            "fontWeight": "400",
            "textAlignVertical": "center",
          },
          Object {
            "fontSize": 16,
            "lineHeight": 30,
          },
          false,
          Object {
            "fontFamily": undefined,
            "fontSize": 32,
            "fontWeight": "600",
          },
        ]
      }
    >
      .
    </Text>
  </Text>
</View>
`;

exports[`<Loader> when {color} 1`] = `
<View
  style={
    Object {
      "flexDirection": "row",
    }
  }
>
  <Text
    accessible={true}
    allowFontScaling={true}
    ellipsizeMode="tail"
    style={
      Object {
        "opacity": 0,
        "transform": Array [
          Object {
            "translateY": -6.4,
          },
        ],
      }
    }
  >
    <Text
      accessible={true}
      allowFontScaling={true}
      ellipsizeMode="tail"
      style={
        Array [
          Object {
            "color": "#4a4a4a",
            "fontFamily": undefined,
            "fontWeight": "400",
            "textAlignVertical": "center",
          },
          Object {
            "fontSize": 16,
            "lineHeight": 30,
          },
          false,
          Object {},
        ]
      }
    >
       
    </Text>
    <Text
      accessible={true}
      allowFontScaling={true}
      ellipsizeMode="tail"
      style={
        Array [
          Object {
            "color": "#4a4a4a",
            "fontFamily": undefined,
            "fontWeight": "400",
            "textAlignVertical": "center",
          },
          Object {
            "fontSize": 16,
            "lineHeight": 30,
          },
          false,
          Object {
            "color": "red",
            "fontFamily": undefined,
            "fontSize": 32,
            "fontWeight": "600",
          },
        ]
      }
    >
      .
    </Text>
  </Text>
  <Text
    accessible={true}
    allowFontScaling={true}
    ellipsizeMode="tail"
    style={
      Object {
        "opacity": 0,
        "transform": Array [
          Object {
            "translateY": -6.4,
          },
        ],
      }
    }
  >
    <Text
      accessible={true}
      allowFontScaling={true}
      ellipsizeMode="tail"
      style={
        Array [
          Object {
            "color": "#4a4a4a",
            "fontFamily": undefined,
            "fontWeight": "400",
            "textAlignVertical": "center",
          },
          Object {
            "fontSize": 16,
            "lineHeight": 30,
          },
          false,
          Object {},
        ]
      }
    >
       
    </Text>
    <Text
      accessible={true}
      allowFontScaling={true}
      ellipsizeMode="tail"
      style={
        Array [
          Object {
            "color": "#4a4a4a",
            "fontFamily": undefined,
            "fontWeight": "400",
            "textAlignVertical": "center",
          },
          Object {
            "fontSize": 16,
            "lineHeight": 30,
          },
          false,
          Object {
            "color": "red",
            "fontFamily": undefined,
            "fontSize": 32,
            "fontWeight": "600",
          },
        ]
      }
    >
      .
    </Text>
  </Text>
  <Text
    accessible={true}
    allowFontScaling={true}
    ellipsizeMode="tail"
    style={
      Object {
        "opacity": 0,
        "transform": Array [
          Object {
            "translateY": -6.4,
          },
        ],
      }
    }
  >
    <Text
      accessible={true}
      allowFontScaling={true}
      ellipsizeMode="tail"
      style={
        Array [
          Object {
            "color": "#4a4a4a",
            "fontFamily": undefined,
            "fontWeight": "400",
            "textAlignVertical": "center",
          },
          Object {
            "fontSize": 16,
            "lineHeight": 30,
          },
          false,
          Object {},
        ]
      }
    >
       
    </Text>
    <Text
      accessible={true}
      allowFontScaling={true}
      ellipsizeMode="tail"
      style={
        Array [
          Object {
            "color": "#4a4a4a",
            "fontFamily": undefined,
            "fontWeight": "400",
            "textAlignVertical": "center",
          },
          Object {
            "fontSize": 16,
            "lineHeight": 30,
          },
          false,
          Object {
            "color": "red",
            "fontFamily": undefined,
            "fontSize": 32,
            "fontWeight": "600",
          },
        ]
      }
    >
      .
    </Text>
  </Text>
</View>
`;

exports[`<Loader> when {large} 1`] = `
<View
  style={
    Object {
      "flexDirection": "row",
    }
  }
>
  <Text
    accessible={true}
    allowFontScaling={true}
    ellipsizeMode="tail"
    style={
      Object {
        "opacity": 0,
        "transform": Array [
          Object {
            "translateY": -6.4,
          },
        ],
      }
    }
  >
    <Text
      accessible={true}
      allowFontScaling={true}
      ellipsizeMode="tail"
      style={
        Array [
          Object {
            "color": "#4a4a4a",
            "fontFamily": undefined,
            "fontWeight": "400",
            "textAlignVertical": "center",
          },
          Object {
            "fontSize": 16,
            "lineHeight": 30,
          },
          false,
          Object {},
        ]
      }
    >
       
    </Text>
    <Text
      accessible={true}
      allowFontScaling={true}
      ellipsizeMode="tail"
      style={
        Array [
          Object {
            "color": "#4a4a4a",
            "fontFamily": undefined,
            "fontWeight": "400",
            "textAlignVertical": "center",
          },
          Object {
            "fontSize": 16,
            "lineHeight": 30,
          },
          false,
          Object {
            "fontFamily": undefined,
            "fontSize": 54,
            "fontWeight": "600",
            "letterSpacing": 1.2,
          },
        ]
      }
    >
      .
    </Text>
  </Text>
  <Text
    accessible={true}
    allowFontScaling={true}
    ellipsizeMode="tail"
    style={
      Object {
        "opacity": 0,
        "transform": Array [
          Object {
            "translateY": -6.4,
          },
        ],
      }
    }
  >
    <Text
      accessible={true}
      allowFontScaling={true}
      ellipsizeMode="tail"
      style={
        Array [
          Object {
            "color": "#4a4a4a",
            "fontFamily": undefined,
            "fontWeight": "400",
            "textAlignVertical": "center",
          },
          Object {
            "fontSize": 16,
            "lineHeight": 30,
          },
          false,
          Object {},
        ]
      }
    >
       
    </Text>
    <Text
      accessible={true}
      allowFontScaling={true}
      ellipsizeMode="tail"
      style={
        Array [
          Object {
            "color": "#4a4a4a",
            "fontFamily": undefined,
            "fontWeight": "400",
            "textAlignVertical": "center",
          },
          Object {
            "fontSize": 16,
            "lineHeight": 30,
          },
          false,
          Object {
            "fontFamily": undefined,
            "fontSize": 54,
            "fontWeight": "600",
            "letterSpacing": 1.2,
          },
        ]
      }
    >
      .
    </Text>
  </Text>
  <Text
    accessible={true}
    allowFontScaling={true}
    ellipsizeMode="tail"
    style={
      Object {
        "opacity": 0,
        "transform": Array [
          Object {
            "translateY": -6.4,
          },
        ],
      }
    }
  >
    <Text
      accessible={true}
      allowFontScaling={true}
      ellipsizeMode="tail"
      style={
        Array [
          Object {
            "color": "#4a4a4a",
            "fontFamily": undefined,
            "fontWeight": "400",
            "textAlignVertical": "center",
          },
          Object {
            "fontSize": 16,
            "lineHeight": 30,
          },
          false,
          Object {},
        ]
      }
    >
       
    </Text>
    <Text
      accessible={true}
      allowFontScaling={true}
      ellipsizeMode="tail"
      style={
        Array [
          Object {
            "color": "#4a4a4a",
            "fontFamily": undefined,
            "fontWeight": "400",
            "textAlignVertical": "center",
          },
          Object {
            "fontSize": 16,
            "lineHeight": 30,
          },
          false,
          Object {
            "fontFamily": undefined,
            "fontSize": 54,
            "fontWeight": "600",
            "letterSpacing": 1.2,
          },
        ]
      }
    >
      .
    </Text>
  </Text>
</View>
`;

exports[`<Loader> when {text} 1`] = `
<View
  style={
    Object {
      "flexDirection": "row",
    }
  }
>
  <Text
    accessible={true}
    allowFontScaling={true}
    ellipsizeMode="tail"
    style={
      Array [
        Object {
          "color": "#4a4a4a",
          "fontFamily": undefined,
          "fontWeight": "400",
          "textAlignVertical": "center",
        },
        Object {
          "fontSize": 16,
          "lineHeight": 30,
        },
        false,
        Object {
          "fontFamily": undefined,
          "fontSize": 16,
          "fontWeight": "600",
        },
      ]
    }
  >
    Loading
  </Text>
  <Text
    accessible={true}
    allowFontScaling={true}
    ellipsizeMode="tail"
    style={
      Object {
        "opacity": 0,
        "transform": Array [
          Object {
            "translateY": -6.4,
          },
        ],
      }
    }
  >
    <Text
      accessible={true}
      allowFontScaling={true}
      ellipsizeMode="tail"
      style={
        Array [
          Object {
            "color": "#4a4a4a",
            "fontFamily": undefined,
            "fontWeight": "400",
            "textAlignVertical": "center",
          },
          Object {
            "fontSize": 16,
            "lineHeight": 30,
          },
          false,
          Object {},
        ]
      }
    >
       
    </Text>
    <Text
      accessible={true}
      allowFontScaling={true}
      ellipsizeMode="tail"
      style={
        Array [
          Object {
            "color": "#4a4a4a",
            "fontFamily": undefined,
            "fontWeight": "400",
            "textAlignVertical": "center",
          },
          Object {
            "fontSize": 16,
            "lineHeight": 30,
          },
          false,
          Object {
            "fontFamily": undefined,
            "fontSize": 32,
            "fontWeight": "600",
          },
        ]
      }
    >
      .
    </Text>
  </Text>
  <Text
    accessible={true}
    allowFontScaling={true}
    ellipsizeMode="tail"
    style={
      Object {
        "opacity": 0,
        "transform": Array [
          Object {
            "translateY": -6.4,
          },
        ],
      }
    }
  >
    <Text
      accessible={true}
      allowFontScaling={true}
      ellipsizeMode="tail"
      style={
        Array [
          Object {
            "color": "#4a4a4a",
            "fontFamily": undefined,
            "fontWeight": "400",
            "textAlignVertical": "center",
          },
          Object {
            "fontSize": 16,
            "lineHeight": 30,
          },
          false,
          Object {},
        ]
      }
    >
       
    </Text>
    <Text
      accessible={true}
      allowFontScaling={true}
      ellipsizeMode="tail"
      style={
        Array [
          Object {
            "color": "#4a4a4a",
            "fontFamily": undefined,
            "fontWeight": "400",
            "textAlignVertical": "center",
          },
          Object {
            "fontSize": 16,
            "lineHeight": 30,
          },
          false,
          Object {
            "fontFamily": undefined,
            "fontSize": 32,
            "fontWeight": "600",
          },
        ]
      }
    >
      .
    </Text>
  </Text>
  <Text
    accessible={true}
    allowFontScaling={true}
    ellipsizeMode="tail"
    style={
      Object {
        "opacity": 0,
        "transform": Array [
          Object {
            "translateY": -6.4,
          },
        ],
      }
    }
  >
    <Text
      accessible={true}
      allowFontScaling={true}
      ellipsizeMode="tail"
      style={
        Array [
          Object {
            "color": "#4a4a4a",
            "fontFamily": undefined,
            "fontWeight": "400",
            "textAlignVertical": "center",
          },
          Object {
            "fontSize": 16,
            "lineHeight": 30,
          },
          false,
          Object {},
        ]
      }
    >
       
    </Text>
    <Text
      accessible={true}
      allowFontScaling={true}
      ellipsizeMode="tail"
      style={
        Array [
          Object {
            "color": "#4a4a4a",
            "fontFamily": undefined,
            "fontWeight": "400",
            "textAlignVertical": "center",
          },
          Object {
            "fontSize": 16,
            "lineHeight": 30,
          },
          false,
          Object {
            "fontFamily": undefined,
            "fontSize": 32,
            "fontWeight": "600",
          },
        ]
      }
    >
      .
    </Text>
  </Text>
</View>
`;
